// Jest Snapshot v1, https://goo.gl/fbAQLP

exports[`Comment Component renders the UI as expected 1`] = `
<body>
  <div>
    <li
      class="Comment"
    >
      <p
        class="Comment__creator"
      >
        User1
      </p>
      <p
        class="Comment__content"
      >
        These are all great lessons!
      </p>
      <p
        class="Comment__timestamp"
      >
        Last edited on 
        Dec 19 2020 07:37:16
      </p>
      <div
        class="Comment__buttons"
      >
        <button
          type="button"
        >
          Edit
        </button>
        <button
          type="button"
        >
          Delete
        </button>
      </div>
    </li>
  </div>
</body>
`;
