// Jest Snapshot v1, https://goo.gl/fbAQLP

exports[`UserPage Component renders an error as expected 1`] = `
<body>
  <div>
    <main
      class="UserPage"
    >
      <header>
        <h1 />
      </header>
      <p
        class="APIError"
      >
        Test Error
      </p>
    </main>
  </div>
</body>
`;

exports[`UserPage Component renders the UI as expected 1`] = `
<body>
  <div>
    <main
      class="UserPage"
    >
      <header>
        <h1>
          User3
        </h1>
      </header>
      <p>
        Email: 
        user3@gmail.com
      </p>
      <section
        class="PostsList"
      >
        <header>
          <h2>
            Posts
          </h2>
        </header>
        <ul>
          <li
            class="PostsList__blog-post"
          >
            <a
              class="PostsList__title"
              href="/blog-posts/8"
            >
              Title8
            </a>
            <p
              class="timestamp"
            >
              Last edited: 
              Jan 06 2021 12:22:39
            </p>
          </li>
          <li
            class="PostsList__blog-post"
          >
            <a
              class="PostsList__title"
              href="/blog-posts/6"
            >
              Title6
            </a>
            <p
              class="timestamp"
            >
              Last edited: 
              Jan 05 2021 14:22:39
            </p>
          </li>
          <li
            class="PostsList__blog-post"
          >
            <a
              class="PostsList__title"
              href="/blog-posts/11"
            >
              Title11
            </a>
            <p
              class="timestamp"
            >
              Last edited: 
              Jan 04 2021 18:22:39
            </p>
          </li>
          <li
            class="PostsList__blog-post"
          >
            <a
              class="PostsList__title"
              href="/blog-posts/7"
            >
              Title7
            </a>
            <p
              class="timestamp"
            >
              Last edited: 
              Jan 02 2021 16:22:39
            </p>
          </li>
          <li
            class="PostsList__blog-post"
          >
            <a
              class="PostsList__title"
              href="/blog-posts/10"
            >
              Title10
            </a>
            <p
              class="timestamp"
            >
              Last edited: 
              Dec 15 2020 19:22:39
            </p>
          </li>
          <li
            class="PostsList__blog-post"
          >
            <a
              class="PostsList__title"
              href="/blog-posts/9"
            >
              Title9
            </a>
            <p
              class="timestamp"
            >
              Last edited: 
              Dec 15 2020 11:22:39
            </p>
          </li>
          <li
            class="PostsList__blog-post"
          >
            <a
              class="PostsList__title"
              href="/blog-posts/3"
            >
              5 Easy Cooking Tips
            </a>
            <p
              class="timestamp"
            >
              Last edited: 
              Dec 01 2020 12:54:31
            </p>
          </li>
        </ul>
      </section>
      <section
        class="UserCommentsList"
      >
        <header>
          <h2>
            Comments
          </h2>
        </header>
        <ul>
          <li
            class="Comment"
          >
            <a
              class="Comment__post-title"
              href="/blog-posts/1"
            >
              Lessons I Learned from Cooking
            </a>
            <p
              class="Comment__content"
            >
              I know, right?
            </p>
            <p
              class="timestamp"
            >
              Last edited: 
              Dec 19 2020 08:37:16
            </p>
          </li>
        </ul>
      </section>
    </main>
  </div>
</body>
`;
