// Jest Snapshot v1, https://goo.gl/fbAQLP

exports[`Account Component renders the UI as expected 1`] = `
<body>
  <div>
    <main
      class="Account"
    >
      <h1>
        username
      </h1>
      <p>
        Email: 
        email
      </p>
      <div
        class="PostsList"
      >
        <h1>
          Posts
        </h1>
        <ul />
      </div>
      <div
        class="CommentsList"
      />
    </main>
  </div>
</body>
`;
